// Jest Snapshot v1, https://goo.gl/fbAQLP

exports[`PageNotFound component renders correctly 1`] = `
ShallowWrapper {
  "length": 1,
  Symbol(enzyme.__root__): [Circular],
  Symbol(enzyme.__unrendered__): <PageNotFound />,
  Symbol(enzyme.__renderer__): Object {
    "batchedUpdates": [Function],
    "getNode": [Function],
    "render": [Function],
    "simulateEvent": [Function],
    "unmount": [Function],
  },
  Symbol(enzyme.__node__): Object {
    "instance": null,
    "key": null,
    "nodeType": "host",
    "props": Object {
      "children": Array [
        <h3>
          Oooops... You got here because something is broken
        </h3>,
        <br />,
        <h4>
          Nothing to see here really. Would you like to back to
           
          <a
            href="/"
          >
            home page
          </a>
          ?
        </h4>,
      ],
    },
    "ref": null,
    "rendered": Array [
      Object {
        "instance": null,
        "key": null,
        "nodeType": "host",
        "props": Object {
          "children": "Oooops... You got here because something is broken",
        },
        "ref": null,
        "rendered": "Oooops... You got here because something is broken",
        "type": "h3",
      },
      Object {
        "instance": null,
        "key": null,
        "nodeType": "host",
        "props": Object {},
        "ref": null,
        "rendered": null,
        "type": "br",
      },
      Object {
        "instance": null,
        "key": null,
        "nodeType": "host",
        "props": Object {
          "children": Array [
            "Nothing to see here really. Would you like to back to",
            " ",
            <a
              href="/"
            >
              home page
            </a>,
            "?",
          ],
        },
        "ref": null,
        "rendered": Array [
          "Nothing to see here really. Would you like to back to",
          " ",
          Object {
            "instance": null,
            "key": null,
            "nodeType": "host",
            "props": Object {
              "children": "home page",
              "href": "/",
            },
            "ref": null,
            "rendered": "home page",
            "type": "a",
          },
          "?",
        ],
        "type": "h4",
      },
    ],
    "type": "div",
  },
  Symbol(enzyme.__nodes__): Array [
    Object {
      "instance": null,
      "key": null,
      "nodeType": "host",
      "props": Object {
        "children": Array [
          <h3>
            Oooops... You got here because something is broken
          </h3>,
          <br />,
          <h4>
            Nothing to see here really. Would you like to back to
             
            <a
              href="/"
            >
              home page
            </a>
            ?
          </h4>,
        ],
      },
      "ref": null,
      "rendered": Array [
        Object {
          "instance": null,
          "key": null,
          "nodeType": "host",
          "props": Object {
            "children": "Oooops... You got here because something is broken",
          },
          "ref": null,
          "rendered": "Oooops... You got here because something is broken",
          "type": "h3",
        },
        Object {
          "instance": null,
          "key": null,
          "nodeType": "host",
          "props": Object {},
          "ref": null,
          "rendered": null,
          "type": "br",
        },
        Object {
          "instance": null,
          "key": null,
          "nodeType": "host",
          "props": Object {
            "children": Array [
              "Nothing to see here really. Would you like to back to",
              " ",
              <a
                href="/"
              >
                home page
              </a>,
              "?",
            ],
          },
          "ref": null,
          "rendered": Array [
            "Nothing to see here really. Would you like to back to",
            " ",
            Object {
              "instance": null,
              "key": null,
              "nodeType": "host",
              "props": Object {
                "children": "home page",
                "href": "/",
              },
              "ref": null,
              "rendered": "home page",
              "type": "a",
            },
            "?",
          ],
          "type": "h4",
        },
      ],
      "type": "div",
    },
  ],
  Symbol(enzyme.__options__): Object {
    "adapter": ReactSixteenAdapter {
      "options": Object {
        "enableComponentDidUpdateOnSetState": true,
      },
    },
  },
}
`;
