// Jest Snapshot v1, https://goo.gl/fbAQLP

exports[`Homepage component renders correctly 1`] = `
<div>
  <h2>
    Hello there!!
  </h2>
  <h3>
    This is a Tiny React Boilerplate
  </h3>
</div>
`;
